// Jest Snapshot v1, https://goo.gl/fbAQLP

exports[`redirects correctly 2 1`] = `
<Router
  history={
    Object {
      "action": "POP",
      "block": [Function],
      "canGo": [Function],
      "createHref": [Function],
      "entries": Array [
        Object {
          "hash": "",
          "key": "15ls1o",
          "pathname": "/home",
          "search": "",
          "state": undefined,
        },
      ],
      "go": [Function],
      "goBack": [Function],
      "goForward": [Function],
      "index": 0,
      "length": 1,
      "listen": [Function],
      "location": Object {
        "hash": "",
        "key": "15ls1o",
        "pathname": "/home",
        "search": "",
        "state": undefined,
      },
      "push": [Function],
      "replace": [Function],
    }
  }
>
  <App />
</Router>
`;

exports[`renders without crashing 1`] = `
<Suspense
  fallback={<Loader />}
>
  <ForwardRef(IonApp)>
    <IonReactRouter>
      <ForwardRef(IonRouterOutlet)>
        <Route
          component={[Function]}
          path="/home"
        />
        <Route
          component={[Function]}
          exact={true}
          path="/"
        />
      </ForwardRef(IonRouterOutlet)>
    </IonReactRouter>
  </ForwardRef(IonApp)>
</Suspense>
`;
